Component: ARM Compiler 6.16 Tool: armlink [5dfeaa00]

==============================================================================

Section Cross References

    system_stm32f0xx.o(.ARM.exidx.text.SystemInit) refers to system_stm32f0xx.o(.text.SystemInit) for [Anonymous Symbol]
    system_stm32f0xx.o(.text.SystemCoreClockUpdate) refers to aeabi_sdiv.o(.text) for __aeabi_uidiv
    system_stm32f0xx.o(.text.SystemCoreClockUpdate) refers to system_stm32f0xx.o(.data.SystemCoreClock) for SystemCoreClock
    system_stm32f0xx.o(.text.SystemCoreClockUpdate) refers to system_stm32f0xx.o(.rodata.AHBPrescTable) for AHBPrescTable
    system_stm32f0xx.o(.ARM.exidx.text.SystemCoreClockUpdate) refers to system_stm32f0xx.o(.text.SystemCoreClockUpdate) for [Anonymous Symbol]
    startup_stm32f031x6.o(STACK) refers (Special) to heapauxi.o(.text) for __use_two_region_memory
    startup_stm32f031x6.o(HEAP) refers (Special) to heapauxi.o(.text) for __use_two_region_memory
    startup_stm32f031x6.o(RESET) refers (Special) to heapauxi.o(.text) for __use_two_region_memory
    startup_stm32f031x6.o(RESET) refers to startup_stm32f031x6.o(STACK) for __initial_sp
    startup_stm32f031x6.o(RESET) refers to startup_stm32f031x6.o(.text) for Reset_Handler
    startup_stm32f031x6.o(.text) refers (Special) to heapauxi.o(.text) for __use_two_region_memory
    startup_stm32f031x6.o(.text) refers to system_stm32f0xx.o(.text.SystemInit) for SystemInit
    startup_stm32f031x6.o(.text) refers to __main.o(!!!main) for __main
    startup_stm32f031x6.o(.text) refers to startup_stm32f031x6.o(HEAP) for Heap_Mem
    startup_stm32f031x6.o(.text) refers to startup_stm32f031x6.o(STACK) for Stack_Mem
    main.o(.text.main) refers to rcc.o(.text.RCC_config) for RCC_config
    main.o(.text.main) refers to systick.o(.text.SysTick_Configuration) for SysTick_Configuration
    main.o(.text.main) refers to tim1.o(.text.GPIO_TIM1_config) for GPIO_TIM1_config
    main.o(.text.main) refers to dma.o(.text.DMA_config) for DMA_config
    main.o(.text.main) refers to adc.o(.text.ADC_config) for ADC_config
    main.o(.text.main) refers to aeabi_sdiv.o(.text) for __aeabi_uidiv
    main.o(.text.main) refers to dma.o(.text.color_change) for color_change
    main.o(.text.main) refers to main.o(.bss.numbled) for numbled
    main.o(.ARM.exidx.text.main) refers to main.o(.text.main) for [Anonymous Symbol]
    rcc.o(.ARM.exidx.text.RCC_config) refers to rcc.o(.text.RCC_config) for [Anonymous Symbol]
    systick.o(.ARM.exidx.text.Delay_Mili_SysTick) refers to systick.o(.text.Delay_Mili_SysTick) for [Anonymous Symbol]
    systick.o(.ARM.exidx.text.Delay_Micro_SysTick) refers to systick.o(.text.Delay_Micro_SysTick) for [Anonymous Symbol]
    systick.o(.ARM.exidx.text.SysTick_Configuration) refers to systick.o(.text.SysTick_Configuration) for [Anonymous Symbol]
    systick.o(.ARM.exidx.text.delay_us) refers to systick.o(.text.delay_us) for [Anonymous Symbol]
    tim1.o(.ARM.exidx.text.GPIO_TIM1_config) refers to tim1.o(.text.GPIO_TIM1_config) for [Anonymous Symbol]
    tim1.o(.ARM.exidx.text.OPM_config) refers to tim1.o(.text.OPM_config) for [Anonymous Symbol]
    dma.o(.text.DMA_config) refers to dma.o(.bss.pwmData) for [Anonymous Symbol]
    dma.o(.ARM.exidx.text.DMA_config) refers to dma.o(.text.DMA_config) for [Anonymous Symbol]
    dma.o(.text.Set_LED) refers to dma.o(.bss.LED_Data) for [Anonymous Symbol]
    dma.o(.ARM.exidx.text.Set_LED) refers to dma.o(.text.Set_LED) for [Anonymous Symbol]
    dma.o(.text.WS2812_Send) refers to dma.o(.bss.pwmData) for [Anonymous Symbol]
    dma.o(.text.WS2812_Send) refers to dma.o(.bss.LED_Data) for [Anonymous Symbol]
    dma.o(.ARM.exidx.text.WS2812_Send) refers to dma.o(.text.WS2812_Send) for [Anonymous Symbol]
    dma.o(.text.test_red) refers to dma.o(.text.Set_LED) for Set_LED
    dma.o(.ARM.exidx.text.test_red) refers to dma.o(.text.test_red) for [Anonymous Symbol]
    dma.o(.text.rainbow_effect_right) refers to dflti.o(.text) for __aeabi_i2d
    dma.o(.text.rainbow_effect_right) refers to dmul.o(.text) for __aeabi_dmul
    dma.o(.text.rainbow_effect_right) refers to daddsub.o(.text) for __aeabi_dadd
    dma.o(.text.rainbow_effect_right) refers to dfixi.o(.text) for __aeabi_d2iz
    dma.o(.text.rainbow_effect_right) refers to aeabi_sdiv.o(.text) for __aeabi_uidivmod
    dma.o(.text.rainbow_effect_right) refers to ddiv.o(.text) for __aeabi_ddiv
    dma.o(.text.rainbow_effect_right) refers to d2f.o(.text) for __aeabi_d2f
    dma.o(.text.rainbow_effect_right) refers to f2d.o(.text) for __aeabi_f2d
    dma.o(.text.rainbow_effect_right) refers to fflti.o(.text) for __aeabi_i2f
    dma.o(.text.rainbow_effect_right) refers to fmul.o(x$fpl$fmul) for __aeabi_fmul
    dma.o(.text.rainbow_effect_right) refers to ffixi.o(.text) for __aeabi_f2iz
    dma.o(.text.rainbow_effect_right) refers to dma.o(.text.Set_LED) for Set_LED
    dma.o(.text.rainbow_effect_right) refers to dma.o(.text.WS2812_Send) for WS2812_Send
    dma.o(.text.rainbow_effect_right) refers to dma.o(.bss.effStep) for effStep
    dma.o(.ARM.exidx.text.rainbow_effect_right) refers to dma.o(.text.rainbow_effect_right) for [Anonymous Symbol]
    dma.o(.text.color_change) refers to dma.o(.text.Set_LED) for Set_LED
    dma.o(.text.color_change) refers to dma.o(.bss.pwmData) for [Anonymous Symbol]
    dma.o(.text.color_change) refers to dma.o(.bss.LED_Data) for [Anonymous Symbol]
    dma.o(.ARM.exidx.text.color_change) refers to dma.o(.text.color_change) for [Anonymous Symbol]
    adc.o(.ARM.exidx.text.ADC_config) refers to adc.o(.text.ADC_config) for [Anonymous Symbol]
    __main.o(!!!main) refers to __rtentry.o(.ARM.Collect$$rtentry$$00000000) for __rt_entry
    d2f.o(.text) refers (Special) to usenofp.o(x$fpl$usenofp) for __I$use$fp
    daddsub.o(.text) refers (Special) to usenofp.o(x$fpl$usenofp) for __I$use$fp
    ddiv.o(.text) refers (Special) to usenofp.o(x$fpl$usenofp) for __I$use$fp
    ddiv.o(.text) refers to ddiv.o(.constdata) for .constdata
    ddiv.o(.constdata) refers (Special) to usenofp.o(x$fpl$usenofp) for __I$use$fp
    dfixi.o(.text) refers (Special) to usenofp.o(x$fpl$usenofp) for __I$use$fp
    dflti.o(.text) refers (Special) to usenofp.o(x$fpl$usenofp) for __I$use$fp
    dmul.o(.text) refers (Special) to usenofp.o(x$fpl$usenofp) for __I$use$fp
    f2d.o(.text) refers (Special) to usenofp.o(x$fpl$usenofp) for __I$use$fp
    ffixi.o(.text) refers (Special) to usenofp.o(x$fpl$usenofp) for __I$use$fp
    fflti.o(.text) refers (Special) to usenofp.o(x$fpl$usenofp) for __I$use$fp
    fmul.o(x$fpl$fmul) refers (Special) to usenofp.o(x$fpl$usenofp) for __I$use$fp
    __rtentry.o(.ARM.Collect$$rtentry$$00000000) refers (Special) to __rtentry2.o(.ARM.Collect$$rtentry$$0000000A) for __rt_entry_li
    __rtentry.o(.ARM.Collect$$rtentry$$00000000) refers (Special) to __rtentry2.o(.ARM.Collect$$rtentry$$0000000D) for __rt_entry_main
    __rtentry.o(.ARM.Collect$$rtentry$$00000000) refers (Special) to __rtentry2.o(.ARM.Collect$$rtentry$$0000000C) for __rt_entry_postli_1
    __rtentry.o(.ARM.Collect$$rtentry$$00000000) refers (Special) to __rtentry2.o(.ARM.Collect$$rtentry$$00000009) for __rt_entry_postsh_1
    __rtentry.o(.ARM.Collect$$rtentry$$00000000) refers (Special) to __rtentry2.o(.ARM.Collect$$rtentry$$00000002) for __rt_entry_presh_1
    __rtentry.o(.ARM.Collect$$rtentry$$00000000) refers (Special) to __rtentry4.o(.ARM.Collect$$rtentry$$00000004) for __rt_entry_sh
    aeabi_idiv0_sigfpe.o(.text) refers to rt_div0.o(.text) for __rt_div0
    __rtentry2.o(.ARM.Collect$$rtentry$$00000008) refers to boardinit2.o(.text) for _platform_post_stackheap_init
    __rtentry2.o(.ARM.Collect$$rtentry$$0000000A) refers to libinit.o(.ARM.Collect$$libinit$$00000000) for __rt_lib_init
    __rtentry2.o(.ARM.Collect$$rtentry$$0000000B) refers to boardinit3.o(.text) for _platform_post_lib_init
    __rtentry2.o(.ARM.Collect$$rtentry$$0000000D) refers to main.o(.text.main) for main
    __rtentry2.o(.ARM.Collect$$rtentry$$0000000D) refers to exit.o(.text) for exit
    __rtentry2.o(.ARM.exidx) refers to __rtentry2.o(.ARM.Collect$$rtentry$$00000001) for .ARM.Collect$$rtentry$$00000001
    __rtentry2.o(.ARM.exidx) refers to __rtentry2.o(.ARM.Collect$$rtentry$$00000008) for .ARM.Collect$$rtentry$$00000008
    __rtentry2.o(.ARM.exidx) refers to __rtentry2.o(.ARM.Collect$$rtentry$$0000000A) for .ARM.Collect$$rtentry$$0000000A
    __rtentry2.o(.ARM.exidx) refers to __rtentry2.o(.ARM.Collect$$rtentry$$0000000B) for .ARM.Collect$$rtentry$$0000000B
    __rtentry2.o(.ARM.exidx) refers to __rtentry2.o(.ARM.Collect$$rtentry$$0000000D) for .ARM.Collect$$rtentry$$0000000D
    __rtentry4.o(.ARM.Collect$$rtentry$$00000004) refers to sys_stackheap_outer.o(.text) for __user_setup_stackheap
    __rtentry4.o(.ARM.exidx) refers to __rtentry4.o(.ARM.Collect$$rtentry$$00000004) for .ARM.Collect$$rtentry$$00000004
    rt_div0.o(.text) refers to defsig_fpe_outer.o(.text) for __rt_SIGFPE
    sys_stackheap_outer.o(.text) refers to libspace.o(.text) for __user_perproc_libspace
    sys_stackheap_outer.o(.text) refers to startup_stm32f031x6.o(.text) for __user_initial_stackheap
    sys_stackheap_outer.o(__vectab_stack_and_reset_area) refers to tempstk.o(.text) for __temporary_stack_top
    sys_stackheap_outer.o(__vectab_stack_and_reset_area) refers to __main.o(!!!main) for __main
    exit.o(.text) refers to rtexit.o(.ARM.Collect$$rtexit$$00000000) for __rt_exit
    defsig_fpe_outer.o(.text) refers to defsig_fpe_inner.o(.text) for __rt_SIGFPE_inner
    defsig_fpe_outer.o(.text) refers to defsig_exit.o(.text) for __sig_exit
    defsig_fpe_formal.o(.text) refers to rt_raise.o(.text) for __rt_raise
    libinit.o(.ARM.Collect$$libinit$$00000000) refers (Special) to libinit2.o(.ARM.Collect$$libinit$$0000002E) for __rt_lib_init_alloca_1
    libinit.o(.ARM.Collect$$libinit$$00000000) refers (Special) to libinit2.o(.ARM.Collect$$libinit$$0000002C) for __rt_lib_init_argv_1
    libinit.o(.ARM.Collect$$libinit$$00000000) refers (Special) to libinit2.o(.ARM.Collect$$libinit$$0000001B) for __rt_lib_init_atexit_1
    libinit.o(.ARM.Collect$$libinit$$00000000) refers (Special) to libinit2.o(.ARM.Collect$$libinit$$00000021) for __rt_lib_init_clock_1
    libinit.o(.ARM.Collect$$libinit$$00000000) refers (Special) to libinit2.o(.ARM.Collect$$libinit$$00000032) for __rt_lib_init_cpp_1
    libinit.o(.ARM.Collect$$libinit$$00000000) refers (Special) to libinit2.o(.ARM.Collect$$libinit$$00000030) for __rt_lib_init_exceptions_1
    libinit.o(.ARM.Collect$$libinit$$00000000) refers (Special) to libinit2.o(.ARM.Collect$$libinit$$00000002) for __rt_lib_init_fp_1
    libinit.o(.ARM.Collect$$libinit$$00000000) refers (Special) to libinit2.o(.ARM.Collect$$libinit$$0000001F) for __rt_lib_init_fp_trap_1
    libinit.o(.ARM.Collect$$libinit$$00000000) refers (Special) to libinit2.o(.ARM.Collect$$libinit$$00000023) for __rt_lib_init_getenv_1
    libinit.o(.ARM.Collect$$libinit$$00000000) refers (Special) to libinit2.o(.ARM.Collect$$libinit$$0000000A) for __rt_lib_init_heap_1
    libinit.o(.ARM.Collect$$libinit$$00000000) refers (Special) to libinit2.o(.ARM.Collect$$libinit$$00000011) for __rt_lib_init_lc_collate_1
    libinit.o(.ARM.Collect$$libinit$$00000000) refers (Special) to libinit2.o(.ARM.Collect$$libinit$$00000013) for __rt_lib_init_lc_ctype_1
    libinit.o(.ARM.Collect$$libinit$$00000000) refers (Special) to libinit2.o(.ARM.Collect$$libinit$$00000015) for __rt_lib_init_lc_monetary_1
    libinit.o(.ARM.Collect$$libinit$$00000000) refers (Special) to libinit2.o(.ARM.Collect$$libinit$$00000017) for __rt_lib_init_lc_numeric_1
    libinit.o(.ARM.Collect$$libinit$$00000000) refers (Special) to libinit2.o(.ARM.Collect$$libinit$$00000019) for __rt_lib_init_lc_time_1
    libinit.o(.ARM.Collect$$libinit$$00000000) refers (Special) to libinit2.o(.ARM.Collect$$libinit$$00000004) for __rt_lib_init_preinit_1
    libinit.o(.ARM.Collect$$libinit$$00000000) refers (Special) to libinit2.o(.ARM.Collect$$libinit$$0000000E) for __rt_lib_init_rand_1
    libinit.o(.ARM.Collect$$libinit$$00000000) refers (Special) to libinit2.o(.ARM.Collect$$libinit$$00000033) for __rt_lib_init_return
    libinit.o(.ARM.Collect$$libinit$$00000000) refers (Special) to libinit2.o(.ARM.Collect$$libinit$$0000001D) for __rt_lib_init_signal_1
    libinit.o(.ARM.Collect$$libinit$$00000000) refers (Special) to libinit2.o(.ARM.Collect$$libinit$$00000025) for __rt_lib_init_stdio_1
    libinit.o(.ARM.Collect$$libinit$$00000000) refers (Special) to libinit2.o(.ARM.Collect$$libinit$$0000000C) for __rt_lib_init_user_alloc_1
    libspace.o(.text) refers to libspace.o(.bss) for __libspace_start
    rtexit.o(.ARM.Collect$$rtexit$$00000000) refers (Special) to rtexit2.o(.ARM.Collect$$rtexit$$00000004) for __rt_exit_exit
    rtexit.o(.ARM.Collect$$rtexit$$00000000) refers (Special) to rtexit2.o(.ARM.Collect$$rtexit$$00000003) for __rt_exit_ls
    rtexit.o(.ARM.Collect$$rtexit$$00000000) refers (Special) to rtexit2.o(.ARM.Collect$$rtexit$$00000002) for __rt_exit_prels_1
    rtexit.o(.ARM.exidx) refers (Special) to rtexit2.o(.ARM.Collect$$rtexit$$00000004) for __rt_exit_exit
    rtexit.o(.ARM.exidx) refers (Special) to rtexit2.o(.ARM.Collect$$rtexit$$00000003) for __rt_exit_ls
    rtexit.o(.ARM.exidx) refers (Special) to rtexit2.o(.ARM.Collect$$rtexit$$00000002) for __rt_exit_prels_1
    rtexit.o(.ARM.exidx) refers to rtexit.o(.ARM.Collect$$rtexit$$00000000) for .ARM.Collect$$rtexit$$00000000
    rt_raise.o(.text) refers to __raise.o(.text) for __raise
    rt_raise.o(.text) refers to sys_exit.o(.text) for _sys_exit
    defsig_exit.o(.text) refers to sys_exit.o(.text) for _sys_exit
    defsig_fpe_inner.o(.text) refers to defsig_general.o(.text) for __default_signal_display
    libinit2.o(.ARM.Collect$$libinit$$00000010) refers to libinit2.o(.ARM.Collect$$libinit$$0000000F) for .ARM.Collect$$libinit$$0000000F
    libinit2.o(.ARM.Collect$$libinit$$00000012) refers to libinit2.o(.ARM.Collect$$libinit$$0000000F) for .ARM.Collect$$libinit$$0000000F
    libinit2.o(.ARM.Collect$$libinit$$00000014) refers to libinit2.o(.ARM.Collect$$libinit$$0000000F) for .ARM.Collect$$libinit$$0000000F
    libinit2.o(.ARM.Collect$$libinit$$00000016) refers to libinit2.o(.ARM.Collect$$libinit$$0000000F) for .ARM.Collect$$libinit$$0000000F
    libinit2.o(.ARM.Collect$$libinit$$00000018) refers to libinit2.o(.ARM.Collect$$libinit$$0000000F) for .ARM.Collect$$libinit$$0000000F
    libinit2.o(.ARM.Collect$$libinit$$00000026) refers to argv_veneer.o(.text) for __ARM_argv_veneer
    libinit2.o(.ARM.Collect$$libinit$$00000027) refers to argv_veneer.o(.text) for __ARM_argv_veneer
    sys_exit.o(.text) refers (Special) to use_no_semi.o(.text) for __I$use$semihosting
    sys_exit.o(.text) refers (Special) to indicate_semi.o(.text) for __semihosting_library_function
    sys_exit_hlt.o(.text) refers (Special) to use_no_semi.o(.text) for __I$use$semihosting
    sys_exit_hlt.o(.text) refers (Special) to indicate_semi.o(.text) for __semihosting_library_function
    rtexit2.o(.ARM.Collect$$rtexit$$00000003) refers to libshutdown.o(.ARM.Collect$$libshutdown$$00000000) for __rt_lib_shutdown
    rtexit2.o(.ARM.Collect$$rtexit$$00000004) refers to sys_exit.o(.text) for _sys_exit
    rtexit2.o(.ARM.exidx) refers to rtexit2.o(.ARM.Collect$$rtexit$$00000001) for .ARM.Collect$$rtexit$$00000001
    rtexit2.o(.ARM.exidx) refers to rtexit2.o(.ARM.Collect$$rtexit$$00000003) for .ARM.Collect$$rtexit$$00000003
    rtexit2.o(.ARM.exidx) refers to rtexit2.o(.ARM.Collect$$rtexit$$00000004) for .ARM.Collect$$rtexit$$00000004
    __raise.o(.text) refers to defsig.o(CL$$defsig) for __default_signal_handler
    defsig_general.o(.text) refers to sys_wrch.o(.text) for _ttywrch
    sys_wrch.o(.text) refers (Special) to use_no_semi.o(.text) for __I$use$semihosting
    sys_wrch.o(.text) refers (Special) to indicate_semi.o(.text) for __semihosting_library_function
    sys_wrch_hlt.o(.text) refers (Special) to use_no_semi.o(.text) for __I$use$semihosting
    sys_wrch_hlt.o(.text) refers (Special) to indicate_semi.o(.text) for __semihosting_library_function
    defsig.o(CL$$defsig) refers to defsig_fpe_inner.o(.text) for __rt_SIGFPE_inner
    defsig.o(CL$$defsig) refers to defsig_rtmem_inner.o(.text) for __rt_SIGRTMEM_inner
    _get_argv_nomalloc.o(.text) refers (Special) to hrguard.o(.text) for __heap_region$guard
    _get_argv_nomalloc.o(.text) refers to defsig_rtmem_outer.o(.text) for __rt_SIGRTMEM
    _get_argv_nomalloc.o(.text) refers to sys_command.o(.text) for _sys_command_string
    libshutdown.o(.ARM.Collect$$libshutdown$$00000000) refers (Special) to libshutdown2.o(.ARM.Collect$$libshutdown$$00000002) for __rt_lib_shutdown_cpp_1
    libshutdown.o(.ARM.Collect$$libshutdown$$00000000) refers (Special) to libshutdown2.o(.ARM.Collect$$libshutdown$$00000007) for __rt_lib_shutdown_fp_trap_1
    libshutdown.o(.ARM.Collect$$libshutdown$$00000000) refers (Special) to libshutdown2.o(.ARM.Collect$$libshutdown$$0000000F) for __rt_lib_shutdown_heap_1
    libshutdown.o(.ARM.Collect$$libshutdown$$00000000) refers (Special) to libshutdown2.o(.ARM.Collect$$libshutdown$$00000010) for __rt_lib_shutdown_return
    libshutdown.o(.ARM.Collect$$libshutdown$$00000000) refers (Special) to libshutdown2.o(.ARM.Collect$$libshutdown$$0000000A) for __rt_lib_shutdown_signal_1
    libshutdown.o(.ARM.Collect$$libshutdown$$00000000) refers (Special) to libshutdown2.o(.ARM.Collect$$libshutdown$$00000004) for __rt_lib_shutdown_stdio_1
    libshutdown.o(.ARM.Collect$$libshutdown$$00000000) refers (Special) to libshutdown2.o(.ARM.Collect$$libshutdown$$0000000C) for __rt_lib_shutdown_user_alloc_1
    sys_command.o(.text) refers (Special) to use_no_semi.o(.text) for __I$use$semihosting
    sys_command.o(.text) refers (Special) to indicate_semi.o(.text) for __semihosting_library_function
    sys_command_hlt.o(.text) refers (Special) to use_no_semi.o(.text) for __I$use$semihosting
    sys_command_hlt.o(.text) refers (Special) to indicate_semi.o(.text) for __semihosting_library_function
    defsig_abrt_inner.o(.text) refers to defsig_general.o(.text) for __default_signal_display
    defsig_rtred_inner.o(.text) refers to defsig_general.o(.text) for __default_signal_display
    defsig_rtmem_inner.o(.text) refers to defsig_general.o(.text) for __default_signal_display
    defsig_rtmem_outer.o(.text) refers to defsig_rtmem_inner.o(.text) for __rt_SIGRTMEM_inner
    defsig_rtmem_outer.o(.text) refers to defsig_exit.o(.text) for __sig_exit
    defsig_rtmem_formal.o(.text) refers to rt_raise.o(.text) for __rt_raise
    defsig_stak_inner.o(.text) refers to defsig_general.o(.text) for __default_signal_display
    defsig_pvfn_inner.o(.text) refers to defsig_general.o(.text) for __default_signal_display
    defsig_cppl_inner.o(.text) refers to defsig_general.o(.text) for __default_signal_display
    defsig_segv_inner.o(.text) refers to defsig_general.o(.text) for __default_signal_display
    defsig_other.o(.text) refers to defsig_general.o(.text) for __default_signal_display


==============================================================================

Removing Unused input sections from the image.

    Removing system_stm32f0xx.o(.text), (0 bytes).
    Removing system_stm32f0xx.o(.ARM.exidx.text.SystemInit), (8 bytes).
    Removing system_stm32f0xx.o(.text.SystemCoreClockUpdate), (208 bytes).
    Removing system_stm32f0xx.o(.ARM.exidx.text.SystemCoreClockUpdate), (8 bytes).
    Removing system_stm32f0xx.o(.data.SystemCoreClock), (4 bytes).
    Removing system_stm32f0xx.o(.rodata.AHBPrescTable), (16 bytes).
    Removing system_stm32f0xx.o(.rodata.APBPrescTable), (8 bytes).
    Removing main.o(.text), (0 bytes).
    Removing main.o(.ARM.exidx.text.main), (8 bytes).
    Removing main.o(.bss.adc_val), (2 bytes).
    Removing main.o(.ARM.use_no_argv), (4 bytes).
    Removing rcc.o(.text), (0 bytes).
    Removing rcc.o(.ARM.exidx.text.RCC_config), (8 bytes).
    Removing systick.o(.text), (0 bytes).
    Removing systick.o(.text.Delay_Mili_SysTick), (52 bytes).
    Removing systick.o(.ARM.exidx.text.Delay_Mili_SysTick), (8 bytes).
    Removing systick.o(.text.Delay_Micro_SysTick), (56 bytes).
    Removing systick.o(.ARM.exidx.text.Delay_Micro_SysTick), (8 bytes).
    Removing systick.o(.ARM.exidx.text.SysTick_Configuration), (8 bytes).
    Removing systick.o(.text.delay_us), (104 bytes).
    Removing systick.o(.ARM.exidx.text.delay_us), (8 bytes).
    Removing tim1.o(.text), (0 bytes).
    Removing tim1.o(.ARM.exidx.text.GPIO_TIM1_config), (8 bytes).
    Removing tim1.o(.text.OPM_config), (148 bytes).
    Removing tim1.o(.ARM.exidx.text.OPM_config), (8 bytes).
    Removing dma.o(.text), (0 bytes).
    Removing dma.o(.ARM.exidx.text.DMA_config), (8 bytes).
    Removing dma.o(.ARM.exidx.text.Set_LED), (8 bytes).
    Removing dma.o(.text.WS2812_Send), (172 bytes).
    Removing dma.o(.ARM.exidx.text.WS2812_Send), (8 bytes).
    Removing dma.o(.text.test_red), (52 bytes).
    Removing dma.o(.ARM.exidx.text.test_red), (8 bytes).
    Removing dma.o(.text.rainbow_effect_right), (728 bytes).
    Removing dma.o(.ARM.exidx.text.rainbow_effect_right), (8 bytes).
    Removing dma.o(.ARM.exidx.text.color_change), (8 bytes).
    Removing dma.o(.bss.effStep), (2 bytes).
    Removing adc.o(.text), (0 bytes).
    Removing adc.o(.ARM.exidx.text.ADC_config), (8 bytes).

38 unused section(s) (total 1692 bytes) removed from the image.

==============================================================================

Image Symbol Table

    Local Symbols

    Symbol Name                              Value     Ov Type        Size  Object(Section)

    ../clib/angel/boardlib.s                 0x00000000   Number         0  boardinit1.o ABSOLUTE
    ../clib/angel/boardlib.s                 0x00000000   Number         0  boardinit2.o ABSOLUTE
    ../clib/angel/boardlib.s                 0x00000000   Number         0  boardinit3.o ABSOLUTE
    ../clib/angel/boardlib.s                 0x00000000   Number         0  boardshut.o ABSOLUTE
    ../clib/angel/handlers.s                 0x00000000   Number         0  __scatter_zi.o ABSOLUTE
    ../clib/angel/kernel.s                   0x00000000   Number         0  __rtentry.o ABSOLUTE
    ../clib/angel/kernel.s                   0x00000000   Number         0  __rtentry2.o ABSOLUTE
    ../clib/angel/kernel.s                   0x00000000   Number         0  __rtentry4.o ABSOLUTE
    ../clib/angel/kernel.s                   0x00000000   Number         0  rtexit.o ABSOLUTE
    ../clib/angel/kernel.s                   0x00000000   Number         0  rtexit2.o ABSOLUTE
    ../clib/angel/rt.s                       0x00000000   Number         0  aeabi_idiv0.o ABSOLUTE
    ../clib/angel/rt.s                       0x00000000   Number         0  aeabi_idiv0_sigfpe.o ABSOLUTE
    ../clib/angel/rt.s                       0x00000000   Number         0  rt_div0.o ABSOLUTE
    ../clib/angel/rt.s                       0x00000000   Number         0  rt_raise.o ABSOLUTE
    ../clib/angel/scatterp.s                 0x00000000   Number         0  __scatter.o ABSOLUTE
    ../clib/angel/startup.s                  0x00000000   Number         0  __main.o ABSOLUTE
    ../clib/angel/sys.s                      0x00000000   Number         0  sys_stackheap_outer.o ABSOLUTE
    ../clib/angel/sys.s                      0x00000000   Number         0  libspace.o ABSOLUTE
    ../clib/angel/sys.s                      0x00000000   Number         0  tempstk.o ABSOLUTE
    ../clib/angel/sys.s                      0x00000000   Number         0  use_no_semi.o ABSOLUTE
    ../clib/angel/sys.s                      0x00000000   Number         0  indicate_semi.o ABSOLUTE
    ../clib/angel/sysapp.c                   0x00000000   Number         0  sys_exit.o ABSOLUTE
    ../clib/angel/sysapp.c                   0x00000000   Number         0  sys_exit_hlt.o ABSOLUTE
    ../clib/angel/sysapp.c                   0x00000000   Number         0  sys_wrch.o ABSOLUTE
    ../clib/angel/sysapp.c                   0x00000000   Number         0  sys_wrch_hlt.o ABSOLUTE
    ../clib/angel/sysapp.c                   0x00000000   Number         0  sys_command.o ABSOLUTE
    ../clib/angel/sysapp.c                   0x00000000   Number         0  sys_command_hlt.o ABSOLUTE
    ../clib/armsys.c                         0x00000000   Number         0  argv_veneer.o ABSOLUTE
    ../clib/armsys.c                         0x00000000   Number         0  _get_argv_nomalloc.o ABSOLUTE
    ../clib/armsys.c                         0x00000000   Number         0  no_argv.o ABSOLUTE
    ../clib/division.s                       0x00000000   Number         0  aeabi_sdiv.o ABSOLUTE
    ../clib/division.s                       0x00000000   Number         0  aeabi_sdiv_div0.o ABSOLUTE
    ../clib/heapalloc.c                      0x00000000   Number         0  hrguard.o ABSOLUTE
    ../clib/heapaux.c                        0x00000000   Number         0  heapauxi.o ABSOLUTE
    ../clib/libinit.s                        0x00000000   Number         0  libinit.o ABSOLUTE
    ../clib/libinit.s                        0x00000000   Number         0  libinit2.o ABSOLUTE
    ../clib/libinit.s                        0x00000000   Number         0  libshutdown.o ABSOLUTE
    ../clib/libinit.s                        0x00000000   Number         0  libshutdown2.o ABSOLUTE
    ../clib/signal.c                         0x00000000   Number         0  defsig_fpe_outer.o ABSOLUTE
    ../clib/signal.c                         0x00000000   Number         0  defsig_fpe_formal.o ABSOLUTE
    ../clib/signal.c                         0x00000000   Number         0  defsig_exit.o ABSOLUTE
    ../clib/signal.c                         0x00000000   Number         0  defsig_fpe_inner.o ABSOLUTE
    ../clib/signal.c                         0x00000000   Number         0  __raise.o ABSOLUTE
    ../clib/signal.c                         0x00000000   Number         0  defsig_general.o ABSOLUTE
    ../clib/signal.c                         0x00000000   Number         0  defsig_abrt_inner.o ABSOLUTE
    ../clib/signal.c                         0x00000000   Number         0  defsig_rtred_inner.o ABSOLUTE
    ../clib/signal.c                         0x00000000   Number         0  defsig_rtmem_inner.o ABSOLUTE
    ../clib/signal.c                         0x00000000   Number         0  defsig_rtmem_outer.o ABSOLUTE
    ../clib/signal.c                         0x00000000   Number         0  defsig_rtmem_formal.o ABSOLUTE
    ../clib/signal.c                         0x00000000   Number         0  defsig_stak_inner.o ABSOLUTE
    ../clib/signal.c                         0x00000000   Number         0  defsig_pvfn_inner.o ABSOLUTE
    ../clib/signal.c                         0x00000000   Number         0  defsig_cppl_inner.o ABSOLUTE
    ../clib/signal.c                         0x00000000   Number         0  defsig_segv_inner.o ABSOLUTE
    ../clib/signal.c                         0x00000000   Number         0  defsig_other.o ABSOLUTE
    ../clib/signal.s                         0x00000000   Number         0  defsig.o ABSOLUTE
    ../clib/stdlib.c                         0x00000000   Number         0  exit.o ABSOLUTE
    ../fplib/cfplib/d2f.c                    0x00000000   Number         0  d2f.o ABSOLUTE
    ../fplib/cfplib/daddsub.c                0x00000000   Number         0  daddsub.o ABSOLUTE
    ../fplib/cfplib/ddiv.c                   0x00000000   Number         0  ddiv.o ABSOLUTE
    ../fplib/cfplib/dmul.c                   0x00000000   Number         0  dmul.o ABSOLUTE
    ../fplib/cfplib/f2d.c                    0x00000000   Number         0  f2d.o ABSOLUTE
    ../fplib/cfplib/ffix.c                   0x00000000   Number         0  dfixi.o ABSOLUTE
    ../fplib/cfplib/ffix.c                   0x00000000   Number         0  ffixi.o ABSOLUTE
    ../fplib/cfplib/fflt.c                   0x00000000   Number         0  dflti.o ABSOLUTE
    ../fplib/cfplib/fflt.c                   0x00000000   Number         0  fflti.o ABSOLUTE
    ../fplib/cfplib/fpinit.c                 0x00000000   Number         0  fpinit.o ABSOLUTE
    ../fplib/fmul6m.s                        0x00000000   Number         0  fmul.o ABSOLUTE
    ../fplib/usenofp.s                       0x00000000   Number         0  usenofp.o ABSOLUTE
    ADC.c                                    0x00000000   Number         0  adc.o ABSOLUTE
    CMSIS/src/startup_stm32f031x6.s          0x00000000   Number         0  startup_stm32f031x6.o ABSOLUTE
    DMA.c                                    0x00000000   Number         0  dma.o ABSOLUTE
    RCC.c                                    0x00000000   Number         0  rcc.o ABSOLUTE
    SYSTick.c                                0x00000000   Number         0  systick.o ABSOLUTE
    TIM1.c                                   0x00000000   Number         0  tim1.o ABSOLUTE
    dc.s                                     0x00000000   Number         0  dc.o ABSOLUTE
    main.c                                   0x00000000   Number         0  main.o ABSOLUTE
    system_stm32f0xx.c                       0x00000000   Number         0  system_stm32f0xx.o ABSOLUTE
    RESET                                    0x08000000   Section      176  startup_stm32f031x6.o(RESET)
    !!!main                                  0x080000b0   Section        8  __main.o(!!!main)
    !!!scatter                               0x080000b8   Section       60  __scatter.o(!!!scatter)
    !!handler_zi                             0x080000f4   Section       28  __scatter_zi.o(!!handler_zi)
    .ARM.Collect$$libinit$$00000000          0x08000110   Section        2  libinit.o(.ARM.Collect$$libinit$$00000000)
    .ARM.Collect$$libinit$$00000002          0x08000112   Section        0  libinit2.o(.ARM.Collect$$libinit$$00000002)
    .ARM.Collect$$libinit$$00000004          0x08000112   Section        0  libinit2.o(.ARM.Collect$$libinit$$00000004)
    .ARM.Collect$$libinit$$0000000A          0x08000112   Section        0  libinit2.o(.ARM.Collect$$libinit$$0000000A)
    .ARM.Collect$$libinit$$0000000C          0x08000112   Section        0  libinit2.o(.ARM.Collect$$libinit$$0000000C)
    .ARM.Collect$$libinit$$0000000E          0x08000112   Section        0  libinit2.o(.ARM.Collect$$libinit$$0000000E)
    .ARM.Collect$$libinit$$00000011          0x08000112   Section        0  libinit2.o(.ARM.Collect$$libinit$$00000011)
    .ARM.Collect$$libinit$$00000013          0x08000112   Section        0  libinit2.o(.ARM.Collect$$libinit$$00000013)
    .ARM.Collect$$libinit$$00000015          0x08000112   Section        0  libinit2.o(.ARM.Collect$$libinit$$00000015)
    .ARM.Collect$$libinit$$00000017          0x08000112   Section        0  libinit2.o(.ARM.Collect$$libinit$$00000017)
    .ARM.Collect$$libinit$$00000019          0x08000112   Section        0  libinit2.o(.ARM.Collect$$libinit$$00000019)
    .ARM.Collect$$libinit$$0000001B          0x08000112   Section        0  libinit2.o(.ARM.Collect$$libinit$$0000001B)
    .ARM.Collect$$libinit$$0000001D          0x08000112   Section        0  libinit2.o(.ARM.Collect$$libinit$$0000001D)
    .ARM.Collect$$libinit$$0000001F          0x08000112   Section        0  libinit2.o(.ARM.Collect$$libinit$$0000001F)
    .ARM.Collect$$libinit$$00000021          0x08000112   Section        0  libinit2.o(.ARM.Collect$$libinit$$00000021)
    .ARM.Collect$$libinit$$00000023          0x08000112   Section        0  libinit2.o(.ARM.Collect$$libinit$$00000023)
    .ARM.Collect$$libinit$$00000025          0x08000112   Section        0  libinit2.o(.ARM.Collect$$libinit$$00000025)
    .ARM.Collect$$libinit$$0000002C          0x08000112   Section        0  libinit2.o(.ARM.Collect$$libinit$$0000002C)
    .ARM.Collect$$libinit$$0000002E          0x08000112   Section        0  libinit2.o(.ARM.Collect$$libinit$$0000002E)
    .ARM.Collect$$libinit$$00000030          0x08000112   Section        0  libinit2.o(.ARM.Collect$$libinit$$00000030)
    .ARM.Collect$$libinit$$00000032          0x08000112   Section        0  libinit2.o(.ARM.Collect$$libinit$$00000032)
    .ARM.Collect$$libinit$$00000033          0x08000112   Section        2  libinit2.o(.ARM.Collect$$libinit$$00000033)
    .ARM.Collect$$libshutdown$$00000000      0x08000114   Section        2  libshutdown.o(.ARM.Collect$$libshutdown$$00000000)
    .ARM.Collect$$libshutdown$$00000002      0x08000116   Section        0  libshutdown2.o(.ARM.Collect$$libshutdown$$00000002)
    .ARM.Collect$$libshutdown$$00000004      0x08000116   Section        0  libshutdown2.o(.ARM.Collect$$libshutdown$$00000004)
    .ARM.Collect$$libshutdown$$00000007      0x08000116   Section        0  libshutdown2.o(.ARM.Collect$$libshutdown$$00000007)
    .ARM.Collect$$libshutdown$$0000000A      0x08000116   Section        0  libshutdown2.o(.ARM.Collect$$libshutdown$$0000000A)
    .ARM.Collect$$libshutdown$$0000000C      0x08000116   Section        0  libshutdown2.o(.ARM.Collect$$libshutdown$$0000000C)
    .ARM.Collect$$libshutdown$$0000000F      0x08000116   Section        0  libshutdown2.o(.ARM.Collect$$libshutdown$$0000000F)
    .ARM.Collect$$libshutdown$$00000010      0x08000116   Section        2  libshutdown2.o(.ARM.Collect$$libshutdown$$00000010)
    .ARM.Collect$$rtentry$$00000000          0x08000118   Section        0  __rtentry.o(.ARM.Collect$$rtentry$$00000000)
    .ARM.Collect$$rtentry$$00000002          0x08000118   Section        0  __rtentry2.o(.ARM.Collect$$rtentry$$00000002)
    .ARM.Collect$$rtentry$$00000004          0x08000118   Section        6  __rtentry4.o(.ARM.Collect$$rtentry$$00000004)
    .ARM.Collect$$rtentry$$00000009          0x0800011e   Section        0  __rtentry2.o(.ARM.Collect$$rtentry$$00000009)
    .ARM.Collect$$rtentry$$0000000A          0x0800011e   Section        4  __rtentry2.o(.ARM.Collect$$rtentry$$0000000A)
    .ARM.Collect$$rtentry$$0000000C          0x08000122   Section        0  __rtentry2.o(.ARM.Collect$$rtentry$$0000000C)
    .ARM.Collect$$rtentry$$0000000D          0x08000122   Section        8  __rtentry2.o(.ARM.Collect$$rtentry$$0000000D)
    .ARM.Collect$$rtexit$$00000000           0x0800012a   Section        2  rtexit.o(.ARM.Collect$$rtexit$$00000000)
    .ARM.Collect$$rtexit$$00000002           0x0800012c   Section        0  rtexit2.o(.ARM.Collect$$rtexit$$00000002)
    .ARM.Collect$$rtexit$$00000003           0x0800012c   Section        4  rtexit2.o(.ARM.Collect$$rtexit$$00000003)
    .ARM.Collect$$rtexit$$00000004           0x08000130   Section        6  rtexit2.o(.ARM.Collect$$rtexit$$00000004)
    .text                                    0x08000138   Section       56  startup_stm32f031x6.o(.text)
    .text                                    0x08000170   Section      364  aeabi_sdiv.o(.text)
    .text                                    0x080002dc   Section        0  heapauxi.o(.text)
    .text                                    0x080002e2   Section       62  sys_stackheap_outer.o(.text)
    .text                                    0x08000320   Section        0  exit.o(.text)
    .text                                    0x08000330   Section        8  libspace.o(.text)
    .text                                    0x08000338   Section        0  sys_exit.o(.text)
    .text                                    0x08000344   Section        2  use_no_semi.o(.text)
    .text                                    0x08000346   Section        0  indicate_semi.o(.text)
    [Anonymous Symbol]                       0x08000348   Section        0  adc.o(.text.ADC_config)
    __arm_cp.0_1                             0x080003c8   Number         4  adc.o(.text.ADC_config)
    __arm_cp.0_3                             0x080003cc   Number         4  adc.o(.text.ADC_config)
    __arm_cp.0_4                             0x080003d0   Number         4  adc.o(.text.ADC_config)
    __arm_cp.0_5                             0x080003d4   Number         4  adc.o(.text.ADC_config)
    __arm_cp.0_6                             0x080003d8   Number         4  adc.o(.text.ADC_config)
    __arm_cp.0_7                             0x080003dc   Number         4  adc.o(.text.ADC_config)
    __arm_cp.0_8                             0x080003e0   Number         4  adc.o(.text.ADC_config)
    [Anonymous Symbol]                       0x080003e4   Section        0  dma.o(.text.DMA_config)
    __arm_cp.0_1                             0x0800044c   Number         4  dma.o(.text.DMA_config)
    __arm_cp.0_2                             0x08000450   Number         4  dma.o(.text.DMA_config)
    __arm_cp.0_3                             0x08000454   Number         4  dma.o(.text.DMA_config)
    __arm_cp.0_4                             0x08000458   Number         4  dma.o(.text.DMA_config)
    __arm_cp.0_5                             0x0800045c   Number         4  dma.o(.text.DMA_config)
    __arm_cp.0_7                             0x08000460   Number         4  dma.o(.text.DMA_config)
    __arm_cp.0_8                             0x08000464   Number         4  dma.o(.text.DMA_config)
    [Anonymous Symbol]                       0x08000468   Section        0  tim1.o(.text.GPIO_TIM1_config)
    __arm_cp.0_1                             0x08000524   Number         4  tim1.o(.text.GPIO_TIM1_config)
    __arm_cp.0_2                             0x08000528   Number         4  tim1.o(.text.GPIO_TIM1_config)
    __arm_cp.0_3                             0x0800052c   Number         4  tim1.o(.text.GPIO_TIM1_config)
    __arm_cp.0_4                             0x08000530   Number         4  tim1.o(.text.GPIO_TIM1_config)
    __arm_cp.0_5                             0x08000534   Number         4  tim1.o(.text.GPIO_TIM1_config)
    __arm_cp.0_6                             0x08000538   Number         4  tim1.o(.text.GPIO_TIM1_config)
    __arm_cp.0_7                             0x0800053c   Number         4  tim1.o(.text.GPIO_TIM1_config)
    __arm_cp.0_8                             0x08000540   Number         4  tim1.o(.text.GPIO_TIM1_config)
    __arm_cp.0_9                             0x08000544   Number         4  tim1.o(.text.GPIO_TIM1_config)
    [Anonymous Symbol]                       0x08000548   Section        0  rcc.o(.text.RCC_config)
    __arm_cp.0_0                             0x080005ec   Number         4  rcc.o(.text.RCC_config)
    __arm_cp.0_1                             0x080005f0   Number         4  rcc.o(.text.RCC_config)
    __arm_cp.0_2                             0x080005f4   Number         4  rcc.o(.text.RCC_config)
    __arm_cp.0_3                             0x080005f8   Number         4  rcc.o(.text.RCC_config)
    [Anonymous Symbol]                       0x080005fc   Section        0  dma.o(.text.Set_LED)
    [Anonymous Symbol]                       0x08000640   Section        0  systick.o(.text.SysTick_Configuration)
    __arm_cp.2_0                             0x08000654   Number         4  systick.o(.text.SysTick_Configuration)
    __arm_cp.2_1                             0x08000658   Number         4  systick.o(.text.SysTick_Configuration)
    __arm_cp.2_2                             0x0800065c   Number         4  systick.o(.text.SysTick_Configuration)
    __arm_cp.2_3                             0x08000660   Number         4  systick.o(.text.SysTick_Configuration)
    [Anonymous Symbol]                       0x08000664   Section        0  system_stm32f0xx.o(.text.SystemInit)
    [Anonymous Symbol]                       0x08000668   Section        0  dma.o(.text.color_change)
    __arm_cp.5_0                             0x08000780   Number         4  dma.o(.text.color_change)
    __arm_cp.5_1                             0x08000784   Number         4  dma.o(.text.color_change)
    [Anonymous Symbol]                       0x08000788   Section        0  main.o(.text.main)
    __arm_cp.0_0                             0x0800083c   Number         4  main.o(.text.main)
    __arm_cp.0_1                             0x08000840   Number         4  main.o(.text.main)
    __arm_cp.0_2                             0x08000844   Number         4  main.o(.text.main)
    __arm_cp.0_3                             0x08000848   Number         4  main.o(.text.main)
    __arm_cp.0_4                             0x0800084c   Number         4  main.o(.text.main)
    __arm_cp.0_5                             0x08000850   Number         4  main.o(.text.main)
    __arm_cp.0_6                             0x08000854   Number         4  main.o(.text.main)
    __arm_cp.0_7                             0x08000858   Number         4  main.o(.text.main)
    __arm_cp.0_8                             0x0800085c   Number         4  main.o(.text.main)
    __arm_cp.0_9                             0x08000860   Number         4  main.o(.text.main)
    __arm_cp.0_10                            0x08000864   Number         4  main.o(.text.main)
    __arm_cp.0_11                            0x08000868   Number         4  main.o(.text.main)
    .bss                                     0x20000000   Section       96  libspace.o(.bss)
    LED_Data                                 0x20000060   Data         120  dma.o(.bss.LED_Data)
    [Anonymous Symbol]                       0x20000060   Section        0  dma.o(.bss.LED_Data)
    pwmData                                  0x200000da   Data        1540  dma.o(.bss.pwmData)
    [Anonymous Symbol]                       0x200000da   Section        0  dma.o(.bss.pwmData)
    Heap_Mem                                 0x200006e0   Data         512  startup_stm32f031x6.o(HEAP)
    HEAP                                     0x200006e0   Section      512  startup_stm32f031x6.o(HEAP)
    Stack_Mem                                0x200008e0   Data        1024  startup_stm32f031x6.o(STACK)
    STACK                                    0x200008e0   Section     1024  startup_stm32f031x6.o(STACK)
    __initial_sp                             0x20000ce0   Data           0  startup_stm32f031x6.o(STACK)

    Global Symbols

    Symbol Name                              Value     Ov Type        Size  Object(Section)

    BuildAttributes$$THM_ISAv3M$S$PE$A:L22$X:L11$S22$IEEE1$IW$~IW$USESV6$~STKCKD$USESV7$~SHL$OSPACE$ROPI$EBA8$UX$STANDARDLIB$REQ8$PRES8$EABIv2 0x00000000   Number         0  anon$$obj.o ABSOLUTE
    __ARM_exceptions_init                     - Undefined Weak Reference
    __alloca_initialize                       - Undefined Weak Reference
    __arm_preinit_                            - Undefined Weak Reference
    __cpp_initialize__aeabi_                  - Undefined Weak Reference
    __cxa_finalize                            - Undefined Weak Reference
    __rt_locale                               - Undefined Weak Reference
    __sigvec_lookup                           - Undefined Weak Reference
    _atexit_init                              - Undefined Weak Reference
    _call_atexit_fns                          - Undefined Weak Reference
    _clock_init                               - Undefined Weak Reference
    _fp_trap_init                             - Undefined Weak Reference
    _fp_trap_shutdown                         - Undefined Weak Reference
    _get_lc_collate                           - Undefined Weak Reference
    _get_lc_ctype                             - Undefined Weak Reference
    _get_lc_monetary                          - Undefined Weak Reference
    _get_lc_numeric                           - Undefined Weak Reference
    _get_lc_time                              - Undefined Weak Reference
    _getenv_init                              - Undefined Weak Reference
    _handle_redirection                       - Undefined Weak Reference
    _init_alloc                               - Undefined Weak Reference
    _init_user_alloc                          - Undefined Weak Reference
    _initio                                   - Undefined Weak Reference
    _rand_init                                - Undefined Weak Reference
    _signal_finish                            - Undefined Weak Reference
    _signal_init                              - Undefined Weak Reference
    _terminate_alloc                          - Undefined Weak Reference
    _terminate_user_alloc                     - Undefined Weak Reference
    _terminateio                              - Undefined Weak Reference
    __Vectors_Size                           0x000000b0   Number         0  startup_stm32f031x6.o ABSOLUTE
    __Vectors                                0x08000000   Data           4  startup_stm32f031x6.o(RESET)
    __Vectors_End                            0x080000b0   Data           0  startup_stm32f031x6.o(RESET)
    __main                                   0x080000b1   Thumb Code     8  __main.o(!!!main)
    __scatterload                            0x080000b9   Thumb Code     0  __scatter.o(!!!scatter)
    __scatterload_rt2                        0x080000b9   Thumb Code    52  __scatter.o(!!!scatter)
    __scatterload_rt2_thumb_only             0x080000b9   Thumb Code     0  __scatter.o(!!!scatter)
    __scatterload_null                       0x080000c9   Thumb Code     0  __scatter.o(!!!scatter)
    __scatterload_zeroinit                   0x080000f5   Thumb Code    28  __scatter_zi.o(!!handler_zi)
    __rt_lib_init                            0x08000111   Thumb Code     0  libinit.o(.ARM.Collect$$libinit$$00000000)
    __rt_lib_init_alloca_1                   0x08000113   Thumb Code     0  libinit2.o(.ARM.Collect$$libinit$$0000002E)
    __rt_lib_init_argv_1                     0x08000113   Thumb Code     0  libinit2.o(.ARM.Collect$$libinit$$0000002C)
    __rt_lib_init_atexit_1                   0x08000113   Thumb Code     0  libinit2.o(.ARM.Collect$$libinit$$0000001B)
    __rt_lib_init_clock_1                    0x08000113   Thumb Code     0  libinit2.o(.ARM.Collect$$libinit$$00000021)
    __rt_lib_init_cpp_1                      0x08000113   Thumb Code     0  libinit2.o(.ARM.Collect$$libinit$$00000032)
    __rt_lib_init_exceptions_1               0x08000113   Thumb Code     0  libinit2.o(.ARM.Collect$$libinit$$00000030)
    __rt_lib_init_fp_1                       0x08000113   Thumb Code     0  libinit2.o(.ARM.Collect$$libinit$$00000002)
    __rt_lib_init_fp_trap_1                  0x08000113   Thumb Code     0  libinit2.o(.ARM.Collect$$libinit$$0000001F)
    __rt_lib_init_getenv_1                   0x08000113   Thumb Code     0  libinit2.o(.ARM.Collect$$libinit$$00000023)
    __rt_lib_init_heap_1                     0x08000113   Thumb Code     0  libinit2.o(.ARM.Collect$$libinit$$0000000A)
    __rt_lib_init_lc_collate_1               0x08000113   Thumb Code     0  libinit2.o(.ARM.Collect$$libinit$$00000011)
    __rt_lib_init_lc_ctype_1                 0x08000113   Thumb Code     0  libinit2.o(.ARM.Collect$$libinit$$00000013)
    __rt_lib_init_lc_monetary_1              0x08000113   Thumb Code     0  libinit2.o(.ARM.Collect$$libinit$$00000015)
    __rt_lib_init_lc_numeric_1               0x08000113   Thumb Code     0  libinit2.o(.ARM.Collect$$libinit$$00000017)
    __rt_lib_init_lc_time_1                  0x08000113   Thumb Code     0  libinit2.o(.ARM.Collect$$libinit$$00000019)
    __rt_lib_init_preinit_1                  0x08000113   Thumb Code     0  libinit2.o(.ARM.Collect$$libinit$$00000004)
    __rt_lib_init_rand_1                     0x08000113   Thumb Code     0  libinit2.o(.ARM.Collect$$libinit$$0000000E)
    __rt_lib_init_return                     0x08000113   Thumb Code     0  libinit2.o(.ARM.Collect$$libinit$$00000033)
    __rt_lib_init_signal_1                   0x08000113   Thumb Code     0  libinit2.o(.ARM.Collect$$libinit$$0000001D)
    __rt_lib_init_stdio_1                    0x08000113   Thumb Code     0  libinit2.o(.ARM.Collect$$libinit$$00000025)
    __rt_lib_init_user_alloc_1               0x08000113   Thumb Code     0  libinit2.o(.ARM.Collect$$libinit$$0000000C)
    __rt_lib_shutdown                        0x08000115   Thumb Code     0  libshutdown.o(.ARM.Collect$$libshutdown$$00000000)
    __rt_lib_shutdown_cpp_1                  0x08000117   Thumb Code     0  libshutdown2.o(.ARM.Collect$$libshutdown$$00000002)
    __rt_lib_shutdown_fp_trap_1              0x08000117   Thumb Code     0  libshutdown2.o(.ARM.Collect$$libshutdown$$00000007)
    __rt_lib_shutdown_heap_1                 0x08000117   Thumb Code     0  libshutdown2.o(.ARM.Collect$$libshutdown$$0000000F)
    __rt_lib_shutdown_return                 0x08000117   Thumb Code     0  libshutdown2.o(.ARM.Collect$$libshutdown$$00000010)
    __rt_lib_shutdown_signal_1               0x08000117   Thumb Code     0  libshutdown2.o(.ARM.Collect$$libshutdown$$0000000A)
    __rt_lib_shutdown_stdio_1                0x08000117   Thumb Code     0  libshutdown2.o(.ARM.Collect$$libshutdown$$00000004)
    __rt_lib_shutdown_user_alloc_1           0x08000117   Thumb Code     0  libshutdown2.o(.ARM.Collect$$libshutdown$$0000000C)
    __rt_entry                               0x08000119   Thumb Code     0  __rtentry.o(.ARM.Collect$$rtentry$$00000000)
    __rt_entry_presh_1                       0x08000119   Thumb Code     0  __rtentry2.o(.ARM.Collect$$rtentry$$00000002)
    __rt_entry_sh                            0x08000119   Thumb Code     0  __rtentry4.o(.ARM.Collect$$rtentry$$00000004)
    __rt_entry_li                            0x0800011f   Thumb Code     0  __rtentry2.o(.ARM.Collect$$rtentry$$0000000A)
    __rt_entry_postsh_1                      0x0800011f   Thumb Code     0  __rtentry2.o(.ARM.Collect$$rtentry$$00000009)
    __rt_entry_main                          0x08000123   Thumb Code     0  __rtentry2.o(.ARM.Collect$$rtentry$$0000000D)
    __rt_entry_postli_1                      0x08000123   Thumb Code     0  __rtentry2.o(.ARM.Collect$$rtentry$$0000000C)
    __rt_exit                                0x0800012b   Thumb Code     0  rtexit.o(.ARM.Collect$$rtexit$$00000000)
    __rt_exit_ls                             0x0800012d   Thumb Code     0  rtexit2.o(.ARM.Collect$$rtexit$$00000003)
    __rt_exit_prels_1                        0x0800012d   Thumb Code     0  rtexit2.o(.ARM.Collect$$rtexit$$00000002)
    __rt_exit_exit                           0x08000131   Thumb Code     0  rtexit2.o(.ARM.Collect$$rtexit$$00000004)
    Reset_Handler                            0x08000139   Thumb Code     8  startup_stm32f031x6.o(.text)
    NMI_Handler                              0x08000141   Thumb Code     2  startup_stm32f031x6.o(.text)
    HardFault_Handler                        0x08000143   Thumb Code     2  startup_stm32f031x6.o(.text)
    SVC_Handler                              0x08000145   Thumb Code     2  startup_stm32f031x6.o(.text)
    PendSV_Handler                           0x08000147   Thumb Code     2  startup_stm32f031x6.o(.text)
    SysTick_Handler                          0x08000149   Thumb Code     2  startup_stm32f031x6.o(.text)
    ADC1_IRQHandler                          0x0800014b   Thumb Code     0  startup_stm32f031x6.o(.text)
    DMA1_Channel1_IRQHandler                 0x0800014b   Thumb Code     0  startup_stm32f031x6.o(.text)
    DMA1_Channel2_3_IRQHandler               0x0800014b   Thumb Code     0  startup_stm32f031x6.o(.text)
    DMA1_Channel4_5_IRQHandler               0x0800014b   Thumb Code     0  startup_stm32f031x6.o(.text)
    EXTI0_1_IRQHandler                       0x0800014b   Thumb Code     0  startup_stm32f031x6.o(.text)
    EXTI2_3_IRQHandler                       0x0800014b   Thumb Code     0  startup_stm32f031x6.o(.text)
    EXTI4_15_IRQHandler                      0x0800014b   Thumb Code     0  startup_stm32f031x6.o(.text)
    FLASH_IRQHandler                         0x0800014b   Thumb Code     0  startup_stm32f031x6.o(.text)
    I2C1_IRQHandler                          0x0800014b   Thumb Code     0  startup_stm32f031x6.o(.text)
    PVD_IRQHandler                           0x0800014b   Thumb Code     0  startup_stm32f031x6.o(.text)
    RCC_IRQHandler                           0x0800014b   Thumb Code     0  startup_stm32f031x6.o(.text)
    RTC_IRQHandler                           0x0800014b   Thumb Code     0  startup_stm32f031x6.o(.text)
    SPI1_IRQHandler                          0x0800014b   Thumb Code     0  startup_stm32f031x6.o(.text)
    TIM14_IRQHandler                         0x0800014b   Thumb Code     0  startup_stm32f031x6.o(.text)
    TIM16_IRQHandler                         0x0800014b   Thumb Code     0  startup_stm32f031x6.o(.text)
    TIM17_IRQHandler                         0x0800014b   Thumb Code     0  startup_stm32f031x6.o(.text)
    TIM1_BRK_UP_TRG_COM_IRQHandler           0x0800014b   Thumb Code     0  startup_stm32f031x6.o(.text)
    TIM1_CC_IRQHandler                       0x0800014b   Thumb Code     0  startup_stm32f031x6.o(.text)
    TIM2_IRQHandler                          0x0800014b   Thumb Code     0  startup_stm32f031x6.o(.text)
    TIM3_IRQHandler                          0x0800014b   Thumb Code     0  startup_stm32f031x6.o(.text)
    USART1_IRQHandler                        0x0800014b   Thumb Code     0  startup_stm32f031x6.o(.text)
    WWDG_IRQHandler                          0x0800014b   Thumb Code     0  startup_stm32f031x6.o(.text)
    __user_initial_stackheap                 0x0800014d   Thumb Code     0  startup_stm32f031x6.o(.text)
    __aeabi_uidiv                            0x08000171   Thumb Code     0  aeabi_sdiv.o(.text)
    __aeabi_uidivmod                         0x08000171   Thumb Code    20  aeabi_sdiv.o(.text)
    __aeabi_idiv                             0x08000185   Thumb Code     0  aeabi_sdiv.o(.text)
    __aeabi_idivmod                          0x08000185   Thumb Code   338  aeabi_sdiv.o(.text)
    __use_two_region_memory                  0x080002dd   Thumb Code     2  heapauxi.o(.text)
    __rt_heap_escrow$2region                 0x080002df   Thumb Code     2  heapauxi.o(.text)
    __rt_heap_expand$2region                 0x080002e1   Thumb Code     2  heapauxi.o(.text)
    __user_setup_stackheap                   0x080002e3   Thumb Code    62  sys_stackheap_outer.o(.text)
    exit                                     0x08000321   Thumb Code    16  exit.o(.text)
    __user_libspace                          0x08000331   Thumb Code     8  libspace.o(.text)
    __user_perproc_libspace                  0x08000331   Thumb Code     0  libspace.o(.text)
    __user_perthread_libspace                0x08000331   Thumb Code     0  libspace.o(.text)
    _sys_exit                                0x08000339   Thumb Code     8  sys_exit.o(.text)
    __I$use$semihosting                      0x08000345   Thumb Code     0  use_no_semi.o(.text)
    __use_no_semihosting_swi                 0x08000345   Thumb Code     2  use_no_semi.o(.text)
    __semihosting_library_function           0x08000347   Thumb Code     0  indicate_semi.o(.text)
    ADC_config                               0x08000349   Thumb Code   128  adc.o(.text.ADC_config)
    DMA_config                               0x080003e5   Thumb Code   104  dma.o(.text.DMA_config)
    GPIO_TIM1_config                         0x08000469   Thumb Code   188  tim1.o(.text.GPIO_TIM1_config)
    RCC_config                               0x08000549   Thumb Code   164  rcc.o(.text.RCC_config)
    Set_LED                                  0x080005fd   Thumb Code    68  dma.o(.text.Set_LED)
    SysTick_Configuration                    0x08000641   Thumb Code    20  systick.o(.text.SysTick_Configuration)
    SystemInit                               0x08000665   Thumb Code     2  system_stm32f0xx.o(.text.SystemInit)
    color_change                             0x08000669   Thumb Code   280  dma.o(.text.color_change)
    main                                     0x08000789   Thumb Code   180  main.o(.text.main)
    Region$$Table$$Base                      0x0800086c   Number         0  anon$$obj.o(Region$$Table)
    Region$$Table$$Limit                     0x0800087c   Number         0  anon$$obj.o(Region$$Table)
    __libspace_start                         0x20000000   Data          96  libspace.o(.bss)
    __temporary_stack_top$libspace           0x20000060   Data           0  libspace.o(.bss)
    numbled                                  0x200000d8   Data           1  main.o(.bss.numbled)



==============================================================================

Memory Map of the image

  Image Entry point : 0x080000b1

  Load Region LR_IROM1 (Base: 0x08000000, Size: 0x0000087c, Max: 0x00004000, ABSOLUTE)

    Execution Region ER_IROM1 (Exec base: 0x08000000, Load base: 0x08000000, Size: 0x0000087c, Max: 0x00004000, ABSOLUTE)

    Exec Addr    Load Addr    Size         Type   Attr      Idx    E Section Name        Object

    0x08000000   0x08000000   0x000000b0   Data   RO           17    RESET               startup_stm32f031x6.o
    0x080000b0   0x080000b0   0x00000008   Code   RO          107  * !!!main             c_p.l(__main.o)
    0x080000b8   0x080000b8   0x0000003c   Code   RO          304    !!!scatter          c_p.l(__scatter.o)
    0x080000f4   0x080000f4   0x0000001c   Code   RO          306    !!handler_zi        c_p.l(__scatter_zi.o)
    0x08000110   0x08000110   0x00000002   Code   RO          167    .ARM.Collect$$libinit$$00000000  c_p.l(libinit.o)
    0x08000112   0x08000112   0x00000000   Code   RO          181    .ARM.Collect$$libinit$$00000002  c_p.l(libinit2.o)
    0x08000112   0x08000112   0x00000000   Code   RO          183    .ARM.Collect$$libinit$$00000004  c_p.l(libinit2.o)
    0x08000112   0x08000112   0x00000000   Code   RO          186    .ARM.Collect$$libinit$$0000000A  c_p.l(libinit2.o)
    0x08000112   0x08000112   0x00000000   Code   RO          188    .ARM.Collect$$libinit$$0000000C  c_p.l(libinit2.o)
    0x08000112   0x08000112   0x00000000   Code   RO          190    .ARM.Collect$$libinit$$0000000E  c_p.l(libinit2.o)
    0x08000112   0x08000112   0x00000000   Code   RO          193    .ARM.Collect$$libinit$$00000011  c_p.l(libinit2.o)
    0x08000112   0x08000112   0x00000000   Code   RO          195    .ARM.Collect$$libinit$$00000013  c_p.l(libinit2.o)
    0x08000112   0x08000112   0x00000000   Code   RO          197    .ARM.Collect$$libinit$$00000015  c_p.l(libinit2.o)
    0x08000112   0x08000112   0x00000000   Code   RO          199    .ARM.Collect$$libinit$$00000017  c_p.l(libinit2.o)
    0x08000112   0x08000112   0x00000000   Code   RO          201    .ARM.Collect$$libinit$$00000019  c_p.l(libinit2.o)
    0x08000112   0x08000112   0x00000000   Code   RO          203    .ARM.Collect$$libinit$$0000001B  c_p.l(libinit2.o)
    0x08000112   0x08000112   0x00000000   Code   RO          205    .ARM.Collect$$libinit$$0000001D  c_p.l(libinit2.o)
    0x08000112   0x08000112   0x00000000   Code   RO          207    .ARM.Collect$$libinit$$0000001F  c_p.l(libinit2.o)
    0x08000112   0x08000112   0x00000000   Code   RO          209    .ARM.Collect$$libinit$$00000021  c_p.l(libinit2.o)
    0x08000112   0x08000112   0x00000000   Code   RO          211    .ARM.Collect$$libinit$$00000023  c_p.l(libinit2.o)
    0x08000112   0x08000112   0x00000000   Code   RO          213    .ARM.Collect$$libinit$$00000025  c_p.l(libinit2.o)
    0x08000112   0x08000112   0x00000000   Code   RO          217    .ARM.Collect$$libinit$$0000002C  c_p.l(libinit2.o)
    0x08000112   0x08000112   0x00000000   Code   RO          219    .ARM.Collect$$libinit$$0000002E  c_p.l(libinit2.o)
    0x08000112   0x08000112   0x00000000   Code   RO          221    .ARM.Collect$$libinit$$00000030  c_p.l(libinit2.o)
    0x08000112   0x08000112   0x00000000   Code   RO          223    .ARM.Collect$$libinit$$00000032  c_p.l(libinit2.o)
    0x08000112   0x08000112   0x00000002   Code   RO          224    .ARM.Collect$$libinit$$00000033  c_p.l(libinit2.o)
    0x08000114   0x08000114   0x00000002   Code   RO          259    .ARM.Collect$$libshutdown$$00000000  c_p.l(libshutdown.o)
    0x08000116   0x08000116   0x00000000   Code   RO          287    .ARM.Collect$$libshutdown$$00000002  c_p.l(libshutdown2.o)
    0x08000116   0x08000116   0x00000000   Code   RO          289    .ARM.Collect$$libshutdown$$00000004  c_p.l(libshutdown2.o)
    0x08000116   0x08000116   0x00000000   Code   RO          292    .ARM.Collect$$libshutdown$$00000007  c_p.l(libshutdown2.o)
    0x08000116   0x08000116   0x00000000   Code   RO          295    .ARM.Collect$$libshutdown$$0000000A  c_p.l(libshutdown2.o)
    0x08000116   0x08000116   0x00000000   Code   RO          297    .ARM.Collect$$libshutdown$$0000000C  c_p.l(libshutdown2.o)
    0x08000116   0x08000116   0x00000000   Code   RO          300    .ARM.Collect$$libshutdown$$0000000F  c_p.l(libshutdown2.o)
    0x08000116   0x08000116   0x00000002   Code   RO          301    .ARM.Collect$$libshutdown$$00000010  c_p.l(libshutdown2.o)
    0x08000118   0x08000118   0x00000000   Code   RO          130    .ARM.Collect$$rtentry$$00000000  c_p.l(__rtentry.o)
    0x08000118   0x08000118   0x00000000   Code   RO          137    .ARM.Collect$$rtentry$$00000002  c_p.l(__rtentry2.o)
    0x08000118   0x08000118   0x00000006   Code   RO          149    .ARM.Collect$$rtentry$$00000004  c_p.l(__rtentry4.o)
    0x0800011e   0x0800011e   0x00000000   Code   RO          139    .ARM.Collect$$rtentry$$00000009  c_p.l(__rtentry2.o)
    0x0800011e   0x0800011e   0x00000004   Code   RO          140    .ARM.Collect$$rtentry$$0000000A  c_p.l(__rtentry2.o)
    0x08000122   0x08000122   0x00000000   Code   RO          142    .ARM.Collect$$rtentry$$0000000C  c_p.l(__rtentry2.o)
    0x08000122   0x08000122   0x00000008   Code   RO          143    .ARM.Collect$$rtentry$$0000000D  c_p.l(__rtentry2.o)
    0x0800012a   0x0800012a   0x00000002   Code   RO          172    .ARM.Collect$$rtexit$$00000000  c_p.l(rtexit.o)
    0x0800012c   0x0800012c   0x00000000   Code   RO          230    .ARM.Collect$$rtexit$$00000002  c_p.l(rtexit2.o)
    0x0800012c   0x0800012c   0x00000004   Code   RO          231    .ARM.Collect$$rtexit$$00000003  c_p.l(rtexit2.o)
    0x08000130   0x08000130   0x00000006   Code   RO          232    .ARM.Collect$$rtexit$$00000004  c_p.l(rtexit2.o)
    0x08000136   0x08000136   0x00000002   PAD
    0x08000138   0x08000138   0x00000038   Code   RO           18    .text               startup_stm32f031x6.o
    0x08000170   0x08000170   0x0000016c   Code   RO          101    .text               c_p.l(aeabi_sdiv.o)
    0x080002dc   0x080002dc   0x00000006   Code   RO          105    .text               c_p.l(heapauxi.o)
    0x080002e2   0x080002e2   0x0000003e   Code   RO          153    .text               c_p.l(sys_stackheap_outer.o)
    0x08000320   0x08000320   0x00000010   Code   RO          156    .text               c_p.l(exit.o)
    0x08000330   0x08000330   0x00000008   Code   RO          168    .text               c_p.l(libspace.o)
    0x08000338   0x08000338   0x0000000c   Code   RO          225    .text               c_p.l(sys_exit.o)
    0x08000344   0x08000344   0x00000002   Code   RO          248    .text               c_p.l(use_no_semi.o)
    0x08000346   0x08000346   0x00000000   Code   RO          250    .text               c_p.l(indicate_semi.o)
    0x08000346   0x08000346   0x00000002   PAD
    0x08000348   0x08000348   0x0000009c   Code   RO           92    .text.ADC_config    adc.o
    0x080003e4   0x080003e4   0x00000084   Code   RO           70    .text.DMA_config    dma.o
    0x08000468   0x08000468   0x000000e0   Code   RO           59    .text.GPIO_TIM1_config  tim1.o
    0x08000548   0x08000548   0x000000b4   Code   RO           36    .text.RCC_config    rcc.o
    0x080005fc   0x080005fc   0x00000044   Code   RO           72    .text.Set_LED       dma.o
    0x08000640   0x08000640   0x00000024   Code   RO           48    .text.SysTick_Configuration  systick.o
    0x08000664   0x08000664   0x00000002   Code   RO            2    .text.SystemInit    system_stm32f0xx.o
    0x08000666   0x08000666   0x00000002   PAD
    0x08000668   0x08000668   0x00000120   Code   RO           80    .text.color_change  dma.o
    0x08000788   0x08000788   0x000000e4   Code   RO           25    .text.main          main.o
    0x0800086c   0x0800086c   0x00000010   Data   RO          303    Region$$Table       anon$$obj.o


    Execution Region RW_IRAM1 (Exec base: 0x20000000, Load base: 0x0800087c, Size: 0x00000ce0, Max: 0x00001000, ABSOLUTE)

    Exec Addr    Load Addr    Size         Type   Attr      Idx    E Section Name        Object

    0x20000000        -       0x00000060   Zero   RW          169    .bss                c_p.l(libspace.o)
    0x20000060        -       0x00000078   Zero   RW           84    .bss.LED_Data       dma.o
    0x200000d8        -       0x00000001   Zero   RW           27    .bss.numbled        main.o
    0x200000d9   0x0800087c   0x00000001   PAD
    0x200000da        -       0x00000604   Zero   RW           83    .bss.pwmData        dma.o
    0x200006de   0x0800087c   0x00000002   PAD
    0x200006e0        -       0x00000200   Zero   RW           16    HEAP                startup_stm32f031x6.o
    0x200008e0        -       0x00000400   Zero   RW           15    STACK               startup_stm32f031x6.o


==============================================================================

Image component sizes


      Code (inc. data)   RO Data    RW Data    ZI Data      Debug   Object Name

       156         28          0          0          0       1502   adc.o
       488         36          0          0       1660       3715   dma.o
       228         48          0          0          1       1654   main.o
       180         16          0          0          0       1124   rcc.o
        56         26        176          0       1536        620   startup_stm32f031x6.o
         2          0          0          0          0       1531   system_stm32f0xx.o
        36         16          0          0          0       1308   systick.o
       224         36          0          0          0       1724   tim1.o

    ----------------------------------------------------------------------
      1372        206        192          0       3200      13178   Object Totals
         0          0         16          0          0          0   (incl. Generated)
         2          0          0          0          3          0   (incl. Padding)

    ----------------------------------------------------------------------

      Code (inc. data)   RO Data    RW Data    ZI Data      Debug   Library Member Name

         8          0          0          0          0         68   __main.o
         0          0          0          0          0          0   __rtentry.o
        12          0          0          0          0          0   __rtentry2.o
         6          0          0          0          0          0   __rtentry4.o
        60          8          0          0          0          0   __scatter.o
        28          0          0          0          0          0   __scatter_zi.o
       364          4          0          0          0         92   aeabi_sdiv.o
        16          0          0          0          0         68   exit.o
         6          0          0          0          0        136   heapauxi.o
         0          0          0          0          0          0   indicate_semi.o
         2          0          0          0          0          0   libinit.o
         2          0          0          0          0          0   libinit2.o
         2          0          0          0          0          0   libshutdown.o
         2          0          0          0          0          0   libshutdown2.o
         8          4          0          0         96         68   libspace.o
         2          0          0          0          0          0   rtexit.o
        10          0          0          0          0          0   rtexit2.o
        12          4          0          0          0         60   sys_exit.o
        62          0          0          0          0         80   sys_stackheap_outer.o
         2          0          0          0          0         68   use_no_semi.o

    ----------------------------------------------------------------------
       608         20          0          0         96        640   Library Totals
         4          0          0          0          0          0   (incl. Padding)

    ----------------------------------------------------------------------

      Code (inc. data)   RO Data    RW Data    ZI Data      Debug   Library Name

       604         20          0          0         96        640   c_p.l

    ----------------------------------------------------------------------
       608         20          0          0         96        640   Library Totals

    ----------------------------------------------------------------------

==============================================================================


      Code (inc. data)   RO Data    RW Data    ZI Data      Debug   

      1980        226        192          0       3296      13486   Grand Totals
      1980        226        192          0       3296      13486   ELF Image Totals
      1980        226        192          0          0          0   ROM Totals

==============================================================================

    Total RO  Size (Code + RO Data)                 2172 (   2.12kB)
    Total RW  Size (RW Data + ZI Data)              3296 (   3.22kB)
    Total ROM Size (Code + RO Data + RW Data)       2172 (   2.12kB)

==============================================================================

